Archive member included because of file (symbol)

/usr/local/gcc-arm/gcc-arm-none-eabi-4_9-2015q2/bin/../lib/gcc/arm-none-eabi/4.9.3/../../../../arm-none-eabi/lib/armv7-m/libg_nano.a(lib_a-init.o)
                              startup_stm32f207xx.o (__libc_init_array)
/usr/local/gcc-arm/gcc-arm-none-eabi-4_9-2015q2/bin/../lib/gcc/arm-none-eabi/4.9.3/../../../../arm-none-eabi/lib/armv7-m/libg_nano.a(lib_a-memset.o)
                              Drivers/STM32F2xx_HAL_Driver/Src/stm32f2xx_hal_sd.o (memset)

Allocating common symbols
Common symbol       size              file

pFlash              0x18              Drivers/STM32F2xx_HAL_Driver/Src/stm32f2xx_hal_flash.o

Discarded input sections

 .group         0x0000000000000000        0x8 Drivers/STM32F2xx_HAL_Driver/Src/stm32f2xx_hal.o
 .group         0x0000000000000000        0x8 Drivers/STM32F2xx_HAL_Driver/Src/stm32f2xx_hal.o
 .group         0x0000000000000000        0x8 Drivers/STM32F2xx_HAL_Driver/Src/stm32f2xx_hal.o
 .group         0x0000000000000000        0x8 Drivers/STM32F2xx_HAL_Driver/Src/stm32f2xx_hal.o
 .group         0x0000000000000000        0x8 Drivers/STM32F2xx_HAL_Driver/Src/stm32f2xx_hal.o
 .group         0x0000000000000000        0x8 Drivers/STM32F2xx_HAL_Driver/Src/stm32f2xx_hal.o
 .group         0x0000000000000000        0x8 Drivers/STM32F2xx_HAL_Driver/Src/stm32f2xx_hal.o
 .group         0x0000000000000000        0x8 Drivers/STM32F2xx_HAL_Driver/Src/stm32f2xx_hal.o
 .group         0x0000000000000000        0x8 Drivers/STM32F2xx_HAL_Driver/Src/stm32f2xx_hal.o
 .group         0x0000000000000000        0x8 Drivers/STM32F2xx_HAL_Driver/Src/stm32f2xx_hal.o
 .group         0x0000000000000000        0x8 Drivers/STM32F2xx_HAL_Driver/Src/stm32f2xx_hal.o
 .group         0x0000000000000000        0x8 Drivers/STM32F2xx_HAL_Driver/Src/stm32f2xx_hal.o
 .group         0x0000000000000000        0x8 Drivers/STM32F2xx_HAL_Driver/Src/stm32f2xx_hal.o
 .group         0x0000000000000000        0x8 Drivers/STM32F2xx_HAL_Driver/Src/stm32f2xx_hal.o
 .group         0x0000000000000000        0x8 Drivers/STM32F2xx_HAL_Driver/Src/stm32f2xx_hal.o
 .group         0x0000000000000000        0x8 Drivers/STM32F2xx_HAL_Driver/Src/stm32f2xx_hal.o
 .group         0x0000000000000000        0x8 Drivers/STM32F2xx_HAL_Driver/Src/stm32f2xx_hal.o
 .group         0x0000000000000000        0x8 Drivers/STM32F2xx_HAL_Driver/Src/stm32f2xx_hal.o
 .group         0x0000000000000000        0x8 Drivers/STM32F2xx_HAL_Driver/Src/stm32f2xx_hal.o
 .group         0x0000000000000000        0x8 Drivers/STM32F2xx_HAL_Driver/Src/stm32f2xx_hal.o
 .group         0x0000000000000000        0x8 Drivers/STM32F2xx_HAL_Driver/Src/stm32f2xx_hal.o
 .group         0x0000000000000000        0x8 Drivers/STM32F2xx_HAL_Driver/Src/stm32f2xx_hal.o
 .group         0x0000000000000000        0x8 Drivers/STM32F2xx_HAL_Driver/Src/stm32f2xx_hal.o
 .group         0x0000000000000000        0x8 Drivers/STM32F2xx_HAL_Driver/Src/stm32f2xx_hal.o
 .group         0x0000000000000000        0x8 Drivers/STM32F2xx_HAL_Driver/Src/stm32f2xx_hal.o
 .group         0x0000000000000000        0x8 Drivers/STM32F2xx_HAL_Driver/Src/stm32f2xx_hal.o
 .text          0x0000000000000000        0x0 Drivers/STM32F2xx_HAL_Driver/Src/stm32f2xx_hal.o
 .data          0x0000000000000000        0x0 Drivers/STM32F2xx_HAL_Driver/Src/stm32f2xx_hal.o
 .bss           0x0000000000000000        0x0 Drivers/STM32F2xx_HAL_Driver/Src/stm32f2xx_hal.o
 .text.HAL_MspInit
                0x0000000000000000        0x4 Drivers/STM32F2xx_HAL_Driver/Src/stm32f2xx_hal.o
 .text.HAL_MspDeInit
                0x0000000000000000        0x4 Drivers/STM32F2xx_HAL_Driver/Src/stm32f2xx_hal.o
 .text.HAL_DeInit
                0x0000000000000000       0x2c Drivers/STM32F2xx_HAL_Driver/Src/stm32f2xx_hal.o
 .text.HAL_GetHalVersion
                0x0000000000000000        0x8 Drivers/STM32F2xx_HAL_Driver/Src/stm32f2xx_hal.o
 .text.HAL_GetREVID
                0x0000000000000000        0xc Drivers/STM32F2xx_HAL_Driver/Src/stm32f2xx_hal.o
 .text.HAL_GetDEVID
                0x0000000000000000       0x10 Drivers/STM32F2xx_HAL_Driver/Src/stm32f2xx_hal.o
 .text.HAL_EnableDBGSleepMode
                0x0000000000000000       0x10 Drivers/STM32F2xx_HAL_Driver/Src/stm32f2xx_hal.o
 .text.HAL_DisableDBGSleepMode
                0x0000000000000000       0x10 Drivers/STM32F2xx_HAL_Driver/Src/stm32f2xx_hal.o
 .text.HAL_EnableDBGStopMode
                0x0000000000000000       0x10 Drivers/STM32F2xx_HAL_Driver/Src/stm32f2xx_hal.o
 .text.HAL_DisableDBGStopMode
                0x0000000000000000       0x10 Drivers/STM32F2xx_HAL_Driver/Src/stm32f2xx_hal.o
 .text.HAL_EnableDBGStandbyMode
                0x0000000000000000       0x10 Drivers/STM32F2xx_HAL_Driver/Src/stm32f2xx_hal.o
 .text.HAL_DisableDBGStandbyMode
                0x0000000000000000       0x10 Drivers/STM32F2xx_HAL_Driver/Src/stm32f2xx_hal.o
 .text.HAL_EnableCompensationCell
[...]
Memory Configuration

Name             Origin             Length             Attributes
FLASH            0x0000000008000000 0x0000000000100000 xr
RAM              0x0000000020000000 0x0000000000020000 xrw
MEMORY_B1        0x0000000060000000 0x0000000000000000 xr
*default*        0x0000000000000000 0xffffffffffffffff

Linker script and memory map

LOAD Drivers/STM32F2xx_HAL_Driver/Src/stm32f2xx_hal.o
LOAD Drivers/STM32F2xx_HAL_Driver/Src/stm32f2xx_hal_adc.o
LOAD Drivers/STM32F2xx_HAL_Driver/Src/stm32f2xx_hal_adc_ex.o
LOAD Drivers/STM32F2xx_HAL_Driver/Src/stm32f2xx_hal_can.o
LOAD Drivers/STM32F2xx_HAL_Driver/Src/stm32f2xx_hal_cortex.o
LOAD Drivers/STM32F2xx_HAL_Driver/Src/stm32f2xx_hal_crc.o
LOAD Drivers/STM32F2xx_HAL_Driver/Src/stm32f2xx_hal_cryp.o
LOAD Drivers/STM32F2xx_HAL_Driver/Src/stm32f2xx_hal_dac.o
LOAD Drivers/STM32F2xx_HAL_Driver/Src/stm32f2xx_hal_dac_ex.o
LOAD Drivers/STM32F2xx_HAL_Driver/Src/stm32f2xx_hal_dcmi.o
LOAD Drivers/STM32F2xx_HAL_Driver/Src/stm32f2xx_hal_dma.o
LOAD Drivers/STM32F2xx_HAL_Driver/Src/stm32f2xx_hal_dma_ex.o
LOAD Drivers/STM32F2xx_HAL_Driver/Src/stm32f2xx_hal_eth.o
LOAD Drivers/STM32F2xx_HAL_Driver/Src/stm32f2xx_hal_flash.o
LOAD Drivers/STM32F2xx_HAL_Driver/Src/stm32f2xx_hal_flash_ex.o
LOAD Drivers/STM32F2xx_HAL_Driver/Src/stm32f2xx_hal_gpio.o
LOAD Drivers/STM32F2xx_HAL_Driver/Src/stm32f2xx_hal_hash.o
LOAD Drivers/STM32F2xx_HAL_Driver/Src/stm32f2xx_hal_hcd.o
LOAD Drivers/STM32F2xx_HAL_Driver/Src/stm32f2xx_hal_i2c.o
LOAD Drivers/STM32F2xx_HAL_Driver/Src/stm32f2xx_hal_i2s.o
LOAD Drivers/STM32F2xx_HAL_Driver/Src/stm32f2xx_hal_irda.o
LOAD Drivers/STM32F2xx_HAL_Driver/Src/stm32f2xx_hal_iwdg.o
LOAD Drivers/STM32F2xx_HAL_Driver/Src/stm32f2xx_hal_msp_template.o
LOAD Drivers/STM32F2xx_HAL_Driver/Src/stm32f2xx_hal_nand.o
LOAD Drivers/STM32F2xx_HAL_Driver/Src/stm32f2xx_hal_nor.o
LOAD Drivers/STM32F2xx_HAL_Driver/Src/stm32f2xx_hal_pccard.o
LOAD Drivers/STM32F2xx_HAL_Driver/Src/stm32f2xx_hal_pcd.o
LOAD Drivers/STM32F2xx_HAL_Driver/Src/stm32f2xx_hal_pwr.o
LOAD Drivers/STM32F2xx_HAL_Driver/Src/stm32f2xx_hal_pwr_ex.o
LOAD Drivers/STM32F2xx_HAL_Driver/Src/stm32f2xx_hal_rcc.o
LOAD Drivers/STM32F2xx_HAL_Driver/Src/stm32f2xx_hal_rcc_ex.o
LOAD Drivers/STM32F2xx_HAL_Driver/Src/stm32f2xx_hal_rng.o
LOAD Drivers/STM32F2xx_HAL_Driver/Src/stm32f2xx_hal_rtc.o
LOAD Drivers/STM32F2xx_HAL_Driver/Src/stm32f2xx_hal_rtc_ex.o
LOAD Drivers/STM32F2xx_HAL_Driver/Src/stm32f2xx_hal_sd.o
LOAD Drivers/STM32F2xx_HAL_Driver/Src/stm32f2xx_hal_smartcard.o
LOAD Drivers/STM32F2xx_HAL_Driver/Src/stm32f2xx_hal_spi.o
LOAD Drivers/STM32F2xx_HAL_Driver/Src/stm32f2xx_hal_sram.o
LOAD Drivers/STM32F2xx_HAL_Driver/Src/stm32f2xx_hal_tim.o
LOAD Drivers/STM32F2xx_HAL_Driver/Src/stm32f2xx_hal_tim_ex.o
LOAD Drivers/STM32F2xx_HAL_Driver/Src/stm32f2xx_hal_uart.o
LOAD Drivers/STM32F2xx_HAL_Driver/Src/stm32f2xx_hal_usart.o
LOAD Drivers/STM32F2xx_HAL_Driver/Src/stm32f2xx_hal_wwdg.o
LOAD Drivers/STM32F2xx_HAL_Driver/Src/stm32f2xx_ll_fsmc.o
LOAD Drivers/STM32F2xx_HAL_Driver/Src/stm32f2xx_ll_sdmmc.o
LOAD Drivers/STM32F2xx_HAL_Driver/Src/stm32f2xx_ll_usb.o
LOAD Src/main.o
LOAD Src/stm32f2xx_it.o
LOAD Src/system_stm32f2xx.o
LOAD startup_stm32f207xx.o
LOAD /usr/local/gcc-arm/gcc-arm-none-eabi-4_9-2015q2/bin/../lib/gcc/arm-none-eabi/4.9.3/../../../../arm-none-eabi/lib/armv7-m/libstdc++_nano.a
LOAD /usr/local/gcc-arm/gcc-arm-none-eabi-4_9-2015q2/bin/../lib/gcc/arm-none-eabi/4.9.3/../../../../arm-none-eabi/lib/armv7-m/libm.a
START GROUP
LOAD /usr/local/gcc-arm/gcc-arm-none-eabi-4_9-2015q2/bin/../lib/gcc/arm-none-eabi/4.9.3/armv7-m/libgcc.a
LOAD /usr/local/gcc-arm/gcc-arm-none-eabi-4_9-2015q2/bin/../lib/gcc/arm-none-eabi/4.9.3/../../../../arm-none-eabi/lib/armv7-m/libg_nano.a
LOAD /usr/local/gcc-arm/gcc-arm-none-eabi-4_9-2015q2/bin/../lib/gcc/arm-none-eabi/4.9.3/../../../../arm-none-eabi/lib/armv7-m/libc_nano.a
END GROUP
START GROUP
LOAD /usr/local/gcc-arm/gcc-arm-none-eabi-4_9-2015q2/bin/../lib/gcc/arm-none-eabi/4.9.3/armv7-m/libgcc.a
LOAD /usr/local/gcc-arm/gcc-arm-none-eabi-4_9-2015q2/bin/../lib/gcc/arm-none-eabi/4.9.3/../../../../arm-none-eabi/lib/armv7-m/libc_nano.a
END GROUP
                0x0000000020020000                _estack = 0x20020000
                0x0000000000000000                _Min_Heap_Size = 0x0
                0x0000000000000400                _Min_Stack_Size = 0x400

.isr_vector     0x0000000008000000      0x184
                0x0000000008000000                . = ALIGN (0x4)
 *(.isr_vector)
 .isr_vector    0x0000000008000000      0x184 startup_stm32f207xx.o
                0x0000000008000000                g_pfnVectors
                0x0000000008000184                . = ALIGN (0x4)

.text           0x0000000008000184      0xb90
                0x0000000008000184                . = ALIGN (0x4)
 *(.text)
 *(.text*)
 .text.HAL_Init
                0x0000000008000184       0x38 Drivers/STM32F2xx_HAL_Driver/Src/stm32f2xx_hal.o
                0x0000000008000184                HAL_Init
 .text.HAL_IncTick
                0x00000000080001bc       0x10 Drivers/STM32F2xx_HAL_Driver/Src/stm32f2xx_hal.o
                0x00000000080001bc                HAL_IncTick
 .text.HAL_GetTick
                0x00000000080001cc        0xc Drivers/STM32F2xx_HAL_Driver/Src/stm32f2xx_hal.o
                0x00000000080001cc                HAL_GetTick
 .text.HAL_Delay
                0x00000000080001d8       0x1c Drivers/STM32F2xx_HAL_Driver/Src/stm32f2xx_hal.o
                0x00000000080001d8                HAL_Delay
 .text.HAL_NVIC_SetPriorityGrouping
                0x00000000080001f4       0x24 Drivers/STM32F2xx_HAL_Driver/Src/stm32f2xx_hal_cortex.o
                0x00000000080001f4                HAL_NVIC_SetPriorityGrouping
 .text.HAL_SYSTICK_Config
                0x0000000008000218       0x2c Drivers/STM32F2xx_HAL_Driver/Src/stm32f2xx_hal_cortex.o
                0x0000000008000218                HAL_SYSTICK_Config
 .text.HAL_GPIO_Init
                0x0000000008000244      0x200 Drivers/STM32F2xx_HAL_Driver/Src/stm32f2xx_hal_gpio.o
                0x0000000008000244                HAL_GPIO_Init
 .text.HAL_GPIO_TogglePin
                0x0000000008000444        0x8 Drivers/STM32F2xx_HAL_Driver/Src/stm32f2xx_hal_gpio.o
                0x0000000008000444                HAL_GPIO_TogglePin
 .text.HAL_MspInit
                0x000000000800044c        0x4 Drivers/STM32F2xx_HAL_Driver/Src/stm32f2xx_hal_msp_template.o
                0x000000000800044c                HAL_MspInit
 .text.HAL_RCC_OscConfig
                0x0000000008000450      0x3b0 Drivers/STM32F2xx_HAL_Driver/Src/stm32f2xx_hal_rcc.o
                0x0000000008000450                HAL_RCC_OscConfig
 .text.HAL_RCC_GetSysClockFreq
                0x0000000008000800       0xac Drivers/STM32F2xx_HAL_Driver/Src/stm32f2xx_hal_rcc.o
                0x0000000008000800                HAL_RCC_GetSysClockFreq
 .text.HAL_RCC_GetHCLKFreq
                0x00000000080008ac       0x38 Drivers/STM32F2xx_HAL_Driver/Src/stm32f2xx_hal_rcc.o
                0x00000000080008ac                HAL_RCC_GetHCLKFreq
 .text.HAL_RCC_ClockConfig
                0x00000000080008e4      0x240 Drivers/STM32F2xx_HAL_Driver/Src/stm32f2xx_hal_rcc.o
                0x00000000080008e4                HAL_RCC_ClockConfig
 .text.SystemClock_Config
                0x0000000008000b24       0x4c Src/main.o
 .text._init    0x0000000008000b70        0x4 Src/main.o
                0x0000000008000b70                _init
 .text.main     0x0000000008000b74       0xa0 Src/main.o
                0x0000000008000b74                main
 .text.NMI_Handler
                0x0000000008000c14        0x4 Src/stm32f2xx_it.o
                0x0000000008000c14                NMI_Handler
 .text.HardFault_Handler
                0x0000000008000c18        0x4 Src/stm32f2xx_it.o
                0x0000000008000c18                HardFault_Handler
 .text.MemManage_Handler
                0x0000000008000c1c        0x4 Src/stm32f2xx_it.o
                0x0000000008000c1c                MemManage_Handler
 .text.BusFault_Handler
                0x0000000008000c20        0x4 Src/stm32f2xx_it.o
                0x0000000008000c20                BusFault_Handler
 .text.UsageFault_Handler
                0x0000000008000c24        0x4 Src/stm32f2xx_it.o
                0x0000000008000c24                UsageFault_Handler
 .text.DebugMon_Handler
                0x0000000008000c28        0x4 Src/stm32f2xx_it.o
                0x0000000008000c28                DebugMon_Handler
 .text.SysTick_Handler
                0x0000000008000c2c        0x8 Src/stm32f2xx_it.o
                0x0000000008000c2c                SysTick_Handler
 .text.SystemInit
                0x0000000008000c34       0x40 Src/system_stm32f2xx.o
                0x0000000008000c34                SystemInit
 .text.Reset_Handler
                0x0000000008000c74       0x50 startup_stm32f207xx.o
                0x0000000008000c74                Reset_Handler
 .text.Default_Handler
                0x0000000008000cc4        0x2 startup_stm32f207xx.o
                0x0000000008000cc4                DMA1_Stream3_IRQHandler
                0x0000000008000cc4                HASH_RNG_IRQHandler
                0x0000000008000cc4                EXTI2_IRQHandler
                0x0000000008000cc4                TIM8_CC_IRQHandler
                0x0000000008000cc4                TIM1_CC_IRQHandler
                0x0000000008000cc4                DMA2_Stream5_IRQHandler
                0x0000000008000cc4                DMA1_Stream5_IRQHandler
                0x0000000008000cc4                PVD_IRQHandler
                0x0000000008000cc4                SDIO_IRQHandler
                0x0000000008000cc4                TAMP_STAMP_IRQHandler
                0x0000000008000cc4                PendSV_Handler
                0x0000000008000cc4                CAN2_RX1_IRQHandler
                0x0000000008000cc4                EXTI3_IRQHandler
                0x0000000008000cc4                TIM8_TRG_COM_TIM14_IRQHandler
                0x0000000008000cc4                TIM1_UP_TIM10_IRQHandler
                0x0000000008000cc4                TIM8_UP_TIM13_IRQHandler
                0x0000000008000cc4                I2C3_ER_IRQHandler
                0x0000000008000cc4                EXTI0_IRQHandler
                0x0000000008000cc4                I2C2_EV_IRQHandler
                0x0000000008000cc4                DMA1_Stream2_IRQHandler
                0x0000000008000cc4                CAN1_RX0_IRQHandler
                0x0000000008000cc4                OTG_HS_WKUP_IRQHandler
                0x0000000008000cc4                CAN2_SCE_IRQHandler
                0x0000000008000cc4                DMA2_Stream2_IRQHandler
                0x0000000008000cc4                SPI1_IRQHandler
                0x0000000008000cc4                TIM6_DAC_IRQHandler
                0x0000000008000cc4                TIM1_BRK_TIM9_IRQHandler
                0x0000000008000cc4                DCMI_IRQHandler
                0x0000000008000cc4                CAN2_RX0_IRQHandler
                0x0000000008000cc4                DMA2_Stream3_IRQHandler
                0x0000000008000cc4                USART6_IRQHandler
                0x0000000008000cc4                USART3_IRQHandler
                0x0000000008000cc4                CAN1_RX1_IRQHandler
                0x0000000008000cc4                UART5_IRQHandler
                0x0000000008000cc4                DMA2_Stream0_IRQHandler
                0x0000000008000cc4                TIM4_IRQHandler
                0x0000000008000cc4                I2C1_EV_IRQHandler
                0x0000000008000cc4                DMA1_Stream6_IRQHandler
                0x0000000008000cc4                DMA1_Stream1_IRQHandler
                0x0000000008000cc4                UART4_IRQHandler
                0x0000000008000cc4                TIM3_IRQHandler
                0x0000000008000cc4                RCC_IRQHandler
                0x0000000008000cc4                TIM8_BRK_TIM12_IRQHandler
                0x0000000008000cc4                Default_Handler
                0x0000000008000cc4                EXTI15_10_IRQHandler
                0x0000000008000cc4                ADC_IRQHandler
                0x0000000008000cc4                DMA1_Stream7_IRQHandler
                0x0000000008000cc4                TIM7_IRQHandler
                0x0000000008000cc4                CAN2_TX_IRQHandler
                0x0000000008000cc4                TIM5_IRQHandler
                0x0000000008000cc4                DMA2_Stream7_IRQHandler
                0x0000000008000cc4                I2C3_EV_IRQHandler
                0x0000000008000cc4                EXTI9_5_IRQHandler
                0x0000000008000cc4                RTC_WKUP_IRQHandler
                0x0000000008000cc4                ETH_WKUP_IRQHandler
                0x0000000008000cc4                SPI2_IRQHandler
                0x0000000008000cc4                OTG_HS_EP1_IN_IRQHandler
                0x0000000008000cc4                DMA1_Stream0_IRQHandler
                0x0000000008000cc4                CAN1_TX_IRQHandler
                0x0000000008000cc4                SVC_Handler
                0x0000000008000cc4                EXTI4_IRQHandler
                0x0000000008000cc4                FSMC_IRQHandler
                0x0000000008000cc4                ETH_IRQHandler
                0x0000000008000cc4                OTG_HS_EP1_OUT_IRQHandler
                0x0000000008000cc4                WWDG_IRQHandler
                0x0000000008000cc4                TIM2_IRQHandler
                0x0000000008000cc4                OTG_FS_WKUP_IRQHandler
                0x0000000008000cc4                TIM1_TRG_COM_TIM11_IRQHandler
                0x0000000008000cc4                OTG_HS_IRQHandler
                0x0000000008000cc4                EXTI1_IRQHandler
                0x0000000008000cc4                USART2_IRQHandler
                0x0000000008000cc4                I2C2_ER_IRQHandler
                0x0000000008000cc4                DMA2_Stream1_IRQHandler
                0x0000000008000cc4                CAN1_SCE_IRQHandler
                0x0000000008000cc4                FLASH_IRQHandler
                0x0000000008000cc4                DMA2_Stream4_IRQHandler
                0x0000000008000cc4                USART1_IRQHandler
                0x0000000008000cc4                OTG_FS_IRQHandler
                0x0000000008000cc4                SPI3_IRQHandler
                0x0000000008000cc4                DMA1_Stream4_IRQHandler
                0x0000000008000cc4                I2C1_ER_IRQHandler
                0x0000000008000cc4                DMA2_Stream6_IRQHandler
                0x0000000008000cc4                RTC_Alarm_IRQHandler
 *fill*         0x0000000008000cc6        0x2 
 .text.__libc_init_array
                0x0000000008000cc8       0x4c /usr/local/gcc-arm/gcc-arm-none-eabi-4_9-2015q2/bin/../lib/gcc/arm-none-eabi/4.9.3/../../../../arm-none-eabi/lib/armv7-m/libg_nano.a(lib_a-init.o)
                0x0000000008000cc8                __libc_init_array
 *(.glue_7)
 .glue_7        0x0000000000000000        0x0 linker stubs
 *(.glue_7t)
 .glue_7t       0x0000000000000000        0x0 linker stubs
 *(.eh_frame)
 *(.init)
 *(.fini)
                0x0000000008000d14                . = ALIGN (0x4)
                0x0000000008000d14                _etext = .

.vfp11_veneer   0x0000000008000d14        0x0
 .vfp11_veneer  0x0000000000000000        0x0 linker stubs

.v4_bx          0x0000000008000d14        0x0
 .v4_bx         0x0000000000000000        0x0 linker stubs

.iplt           0x0000000008000d14        0x0
 .iplt          0x0000000000000000        0x0 Drivers/STM32F2xx_HAL_Driver/Src/stm32f2xx_hal.o

.rodata         0x0000000008000d14       0x10
                0x0000000008000d14                . = ALIGN (0x4)
 *(.rodata)
 *(.rodata*)
 .rodata.APBAHBPrescTable
                0x0000000008000d14       0x10 Drivers/STM32F2xx_HAL_Driver/Src/stm32f2xx_hal_rcc.o
                0x0000000008000d14                APBAHBPrescTable
                0x0000000008000d24                . = ALIGN (0x4)

.rel.dyn        0x0000000008000d24        0x0
 .rel.iplt      0x0000000000000000        0x0 Drivers/STM32F2xx_HAL_Driver/Src/stm32f2xx_hal.o

.ARM.extab
 *(.ARM.extab* .gnu.linkonce.armextab.*)

.ARM            0x0000000008000d24        0x0
                0x0000000008000d24                __exidx_start = .
 *(.ARM.exidx*)
                0x0000000008000d24                __exidx_end = .

.preinit_array  0x0000000008000d24        0x0
                0x0000000008000d24                PROVIDE (__preinit_array_start, .)
 *(.preinit_array*)
                0x0000000008000d24                PROVIDE (__preinit_array_end, .)

.init_array     0x0000000008000d24        0x0
                0x0000000008000d24                PROVIDE (__init_array_start, .)
 *(SORT(.init_array.*))
 *(.init_array*)
                0x0000000008000d24                PROVIDE (__init_array_end, .)

.fini_array     0x0000000008000d24        0x0
                0x0000000008000d24                PROVIDE (__fini_array_start, .)
 *(SORT(.fini_array.*))
 *(.fini_array*)
                0x0000000008000d24                PROVIDE (__fini_array_end, .)
                0x0000000008000d24                _sidata = LOADADDR (.data)

.data           0x0000000020000000        0x4 load address 0x0000000008000d24
                0x0000000020000000                . = ALIGN (0x4)
                0x0000000020000000                _sdata = .
 *(.data)
 *(.data*)
 .data.SystemCoreClock
                0x0000000020000000        0x4 Src/system_stm32f2xx.o
                0x0000000020000000                SystemCoreClock
                0x0000000020000004                . = ALIGN (0x4)
                0x0000000020000004                _edata = .

.igot.plt       0x0000000020000004        0x0 load address 0x0000000008000d28
 .igot.plt      0x0000000000000000        0x0 Drivers/STM32F2xx_HAL_Driver/Src/stm32f2xx_hal.o
                0x0000000020000004                . = ALIGN (0x4)

.bss            0x0000000020000004       0x18 load address 0x0000000008000d28
                0x0000000020000004                _sbss = .
                0x0000000020000004                __bss_start__ = _sbss
 *(.bss)
 *(.bss*)
 .bss.uwTick    0x0000000020000004        0x4 Drivers/STM32F2xx_HAL_Driver/Src/stm32f2xx_hal.o
 .bss.GPIO_InitStruct
                0x0000000020000008       0x14 Src/main.o
 *(COMMON)
                0x000000002000001c                . = ALIGN (0x4)
                0x000000002000001c                _ebss = .
                0x000000002000001c                __bss_end__ = _ebss

._user_heap_stack
                0x000000002000001c      0x400 load address 0x0000000008000d28
                0x000000002000001c                . = ALIGN (0x4)
                0x000000002000001c                PROVIDE (end, .)
                0x000000002000001c                PROVIDE (_end, .)
                0x000000002000001c                . = (. + _Min_Heap_Size)
                0x000000002000041c                . = (. + _Min_Stack_Size)
 *fill*         0x000000002000001c      0x400 
                0x000000002000041c                . = ALIGN (0x4)

.memory_b1_text
 *(.mb1text)
 *(.mb1text*)
 *(.mb1rodata)
 *(.mb1rodata*)

/DISCARD/
 libc.a(*)
 libm.a(*)
 libgcc.a(*)

.ARM.attributes
                0x0000000000000000       0x31
 *(.ARM.attributes)
 .ARM.attributes
                0x0000000000000000       0x33 Drivers/STM32F2xx_HAL_Driver/Src/stm32f2xx_hal.o
 .ARM.attributes
                0x0000000000000033       0x33 Drivers/STM32F2xx_HAL_Driver/Src/stm32f2xx_hal_cortex.o
 .ARM.attributes
                0x0000000000000066       0x33 Drivers/STM32F2xx_HAL_Driver/Src/stm32f2xx_hal_gpio.o
 .ARM.attributes
                0x0000000000000099       0x33 Drivers/STM32F2xx_HAL_Driver/Src/stm32f2xx_hal_msp_template.o
 .ARM.attributes
                0x00000000000000cc       0x33 Drivers/STM32F2xx_HAL_Driver/Src/stm32f2xx_hal_rcc.o
 .ARM.attributes
                0x00000000000000ff       0x33 Src/main.o
 .ARM.attributes
                0x0000000000000132       0x33 Src/stm32f2xx_it.o
 .ARM.attributes
                0x0000000000000165       0x33 Src/system_stm32f2xx.o
 .ARM.attributes
                0x0000000000000198       0x21 startup_stm32f207xx.o
 .ARM.attributes
                0x00000000000001b9       0x2d /usr/local/gcc-arm/gcc-arm-none-eabi-4_9-2015q2/bin/../lib/gcc/arm-none-eabi/4.9.3/../../../../arm-none-eabi/lib/armv7-m/libg_nano.a(lib_a-init.o)
OUTPUT(Blink LED.elf elf32-littlearm)

.debug_info     0x0000000000000000     0x3b6b
 .debug_info    0x0000000000000000      0x549 Drivers/STM32F2xx_HAL_Driver/Src/stm32f2xx_hal.o
 .debug_info    0x0000000000000549      0xcb9 Drivers/STM32F2xx_HAL_Driver/Src/stm32f2xx_hal_cortex.o
 .debug_info    0x0000000000001202      0x64c Drivers/STM32F2xx_HAL_Driver/Src/stm32f2xx_hal_gpio.o
 .debug_info    0x000000000000184e       0xd7 Drivers/STM32F2xx_HAL_Driver/Src/stm32f2xx_hal_msp_template.o
 .debug_info    0x0000000000001925     0x155a Drivers/STM32F2xx_HAL_Driver/Src/stm32f2xx_hal_rcc.o
 .debug_info    0x0000000000002e7f      0x6d6 Src/main.o
 .debug_info    0x0000000000003555      0x11f Src/stm32f2xx_it.o
 .debug_info    0x0000000000003674      0x486 Src/system_stm32f2xx.o
 .debug_info    0x0000000000003afa       0x71 startup_stm32f207xx.o

.debug_abbrev   0x0000000000000000      0xd0a
 .debug_abbrev  0x0000000000000000      0x1b0 Drivers/STM32F2xx_HAL_Driver/Src/stm32f2xx_hal.o
 .debug_abbrev  0x00000000000001b0      0x28e Drivers/STM32F2xx_HAL_Driver/Src/stm32f2xx_hal_cortex.o
 .debug_abbrev  0x000000000000043e      0x1b3 Drivers/STM32F2xx_HAL_Driver/Src/stm32f2xx_hal_gpio.o
 .debug_abbrev  0x00000000000005f1       0x6a Drivers/STM32F2xx_HAL_Driver/Src/stm32f2xx_hal_msp_template.o
 .debug_abbrev  0x000000000000065b      0x318 Drivers/STM32F2xx_HAL_Driver/Src/stm32f2xx_hal_rcc.o
 .debug_abbrev  0x0000000000000973      0x1e1 Src/main.o
 .debug_abbrev  0x0000000000000b54       0xa0 Src/stm32f2xx_it.o
 .debug_abbrev  0x0000000000000bf4      0x104 Src/system_stm32f2xx.o
 .debug_abbrev  0x0000000000000cf8       0x12 startup_stm32f207xx.o

.debug_loc      0x0000000000000000     0x10d2
 .debug_loc     0x0000000000000000       0x1f Drivers/STM32F2xx_HAL_Driver/Src/stm32f2xx_hal.o
 .debug_loc     0x000000000000001f      0x4cd Drivers/STM32F2xx_HAL_Driver/Src/stm32f2xx_hal_cortex.o
 .debug_loc     0x00000000000004ec      0x211 Drivers/STM32F2xx_HAL_Driver/Src/stm32f2xx_hal_gpio.o
 .debug_loc     0x00000000000006fd      0x85c Drivers/STM32F2xx_HAL_Driver/Src/stm32f2xx_hal_rcc.o
 .debug_loc     0x0000000000000f59       0x42 Src/main.o
 .debug_loc     0x0000000000000f9b      0x137 Src/system_stm32f2xx.o

.debug_aranges  0x0000000000000000      0x318
 .debug_aranges
                0x0000000000000000       0xa8 Drivers/STM32F2xx_HAL_Driver/Src/stm32f2xx_hal.o
 .debug_aranges
                0x00000000000000a8       0x90 Drivers/STM32F2xx_HAL_Driver/Src/stm32f2xx_hal_cortex.o
 .debug_aranges
                0x0000000000000138       0x50 Drivers/STM32F2xx_HAL_Driver/Src/stm32f2xx_hal_gpio.o
 .debug_aranges
                0x0000000000000188       0x38 Drivers/STM32F2xx_HAL_Driver/Src/stm32f2xx_hal_msp_template.o
 .debug_aranges
                0x00000000000001c0       0x88 Drivers/STM32F2xx_HAL_Driver/Src/stm32f2xx_hal_rcc.o
 .debug_aranges
                0x0000000000000248       0x30 Src/main.o
 .debug_aranges
                0x0000000000000278       0x50 Src/stm32f2xx_it.o
 .debug_aranges
                0x00000000000002c8       0x28 Src/system_stm32f2xx.o
 .debug_aranges
                0x00000000000002f0       0x28 startup_stm32f207xx.o

.debug_ranges   0x0000000000000000      0x290
 .debug_ranges  0x0000000000000000       0x98 Drivers/STM32F2xx_HAL_Driver/Src/stm32f2xx_hal.o
 .debug_ranges  0x0000000000000098       0x80 Drivers/STM32F2xx_HAL_Driver/Src/stm32f2xx_hal_cortex.o
 .debug_ranges  0x0000000000000118       0x40 Drivers/STM32F2xx_HAL_Driver/Src/stm32f2xx_hal_gpio.o
 .debug_ranges  0x0000000000000158       0x28 Drivers/STM32F2xx_HAL_Driver/Src/stm32f2xx_hal_msp_template.o
 .debug_ranges  0x0000000000000180       0x78 Drivers/STM32F2xx_HAL_Driver/Src/stm32f2xx_hal_rcc.o
 .debug_ranges  0x00000000000001f8       0x20 Src/main.o
 .debug_ranges  0x0000000000000218       0x40 Src/stm32f2xx_it.o
 .debug_ranges  0x0000000000000258       0x18 Src/system_stm32f2xx.o
 .debug_ranges  0x0000000000000270       0x20 startup_stm32f207xx.o

.debug_macro    0x0000000000000000     0xdd0e
 .debug_macro   0x0000000000000000      0x1a3 Drivers/STM32F2xx_HAL_Driver/Src/stm32f2xx_hal.o
 .debug_macro   0x00000000000001a3      0x86e Drivers/STM32F2xx_HAL_Driver/Src/stm32f2xx_hal.o
 .debug_macro   0x0000000000000a11      0x19f Drivers/STM32F2xx_HAL_Driver/Src/stm32f2xx_hal.o
 .debug_macro   0x0000000000000bb0       0x28 Drivers/STM32F2xx_HAL_Driver/Src/stm32f2xx_hal.o
 .debug_macro   0x0000000000000bd8       0x22 Drivers/STM32F2xx_HAL_Driver/Src/stm32f2xx_hal.o
 .debug_macro   0x0000000000000bfa       0x3a Drivers/STM32F2xx_HAL_Driver/Src/stm32f2xx_hal.o
 .debug_macro   0x0000000000000c34      0x34e Drivers/STM32F2xx_HAL_Driver/Src/stm32f2xx_hal.o
 .debug_macro   0x0000000000000f82       0x2d Drivers/STM32F2xx_HAL_Driver/Src/stm32f2xx_hal.o
 .debug_macro   0x0000000000000faf      0xbb1 Drivers/STM32F2xx_HAL_Driver/Src/stm32f2xx_hal.o
 .debug_macro   0x0000000000001b60     0x8ccf Drivers/STM32F2xx_HAL_Driver/Src/stm32f2xx_hal.o
 .debug_macro   0x000000000000a82f       0x43 Drivers/STM32F2xx_HAL_Driver/Src/stm32f2xx_hal.o
 .debug_macro   0x000000000000a872       0x46 Drivers/STM32F2xx_HAL_Driver/Src/stm32f2xx_hal.o
 .debug_macro   0x000000000000a8b8      0xe89 Drivers/STM32F2xx_HAL_Driver/Src/stm32f2xx_hal.o
 .debug_macro   0x000000000000b741       0xe4 Drivers/STM32F2xx_HAL_Driver/Src/stm32f2xx_hal.o
 .debug_macro   0x000000000000b825      0x138 Drivers/STM32F2xx_HAL_Driver/Src/stm32f2xx_hal.o
 .debug_macro   0x000000000000b95d      0x109 Drivers/STM32F2xx_HAL_Driver/Src/stm32f2xx_hal.o
 .debug_macro   0x000000000000ba66      0x2c6 Drivers/STM32F2xx_HAL_Driver/Src/stm32f2xx_hal.o
 .debug_macro   0x000000000000bd2c       0x52 Drivers/STM32F2xx_HAL_Driver/Src/stm32f2xx_hal.o
 .debug_macro   0x000000000000bd7e      0x132 Drivers/STM32F2xx_HAL_Driver/Src/stm32f2xx_hal.o
 .debug_macro   0x000000000000beb0      0x1fc Drivers/STM32F2xx_HAL_Driver/Src/stm32f2xx_hal.o
 .debug_macro   0x000000000000c0ac      0x4ee Drivers/STM32F2xx_HAL_Driver/Src/stm32f2xx_hal.o
 .debug_macro   0x000000000000c59a      0x1df Drivers/STM32F2xx_HAL_Driver/Src/stm32f2xx_hal.o
 .debug_macro   0x000000000000c779      0x155 Drivers/STM32F2xx_HAL_Driver/Src/stm32f2xx_hal.o
 .debug_macro   0x000000000000c8ce      0x4c5 Drivers/STM32F2xx_HAL_Driver/Src/stm32f2xx_hal.o
 .debug_macro   0x000000000000cd93      0x22b Drivers/STM32F2xx_HAL_Driver/Src/stm32f2xx_hal.o
 .debug_macro   0x000000000000cfbe      0x1ed Drivers/STM32F2xx_HAL_Driver/Src/stm32f2xx_hal.o
 .debug_macro   0x000000000000d1ab      0x125 Drivers/STM32F2xx_HAL_Driver/Src/stm32f2xx_hal.o
 .debug_macro   0x000000000000d2d0      0x155 Drivers/STM32F2xx_HAL_Driver/Src/stm32f2xx_hal_cortex.o
 .debug_macro   0x000000000000d425      0x194 Drivers/STM32F2xx_HAL_Driver/Src/stm32f2xx_hal_gpio.o
 .debug_macro   0x000000000000d5b9      0x155 Drivers/STM32F2xx_HAL_Driver/Src/stm32f2xx_hal_msp_template.o
 .debug_macro   0x000000000000d70e      0x197 Drivers/STM32F2xx_HAL_Driver/Src/stm32f2xx_hal_rcc.o
 .debug_macro   0x000000000000d8a5      0x15f Src/main.o
 .debug_macro   0x000000000000da04      0x163 Src/stm32f2xx_it.o
 .debug_macro   0x000000000000db67       0x4c Src/stm32f2xx_it.o
 .debug_macro   0x000000000000dbb3      0x15b Src/system_stm32f2xx.o

.debug_line     0x0000000000000000     0x2ace
 .debug_line    0x0000000000000000      0x57b Drivers/STM32F2xx_HAL_Driver/Src/stm32f2xx_hal.o
 .debug_line    0x000000000000057b      0x5cb Drivers/STM32F2xx_HAL_Driver/Src/stm32f2xx_hal_cortex.o
 .debug_line    0x0000000000000b46      0x558 Drivers/STM32F2xx_HAL_Driver/Src/stm32f2xx_hal_gpio.o
 .debug_line    0x000000000000109e      0x47c Drivers/STM32F2xx_HAL_Driver/Src/stm32f2xx_hal_msp_template.o
 .debug_line    0x000000000000151a      0x7bb Drivers/STM32F2xx_HAL_Driver/Src/stm32f2xx_hal_rcc.o
 .debug_line    0x0000000000001cd5      0x482 Src/main.o
 .debug_line    0x0000000000002157      0x4b1 Src/stm32f2xx_it.o
 .debug_line    0x0000000000002608      0x44f Src/system_stm32f2xx.o
 .debug_line    0x0000000000002a57       0x77 startup_stm32f207xx.o

.debug_str      0x0000000000000000    0x56aeb
 .debug_str     0x0000000000000000    0x55732 Drivers/STM32F2xx_HAL_Driver/Src/stm32f2xx_hal.o
                                      0x558e5 (size before relaxing)
 .debug_str     0x0000000000055732      0x7c5 Drivers/STM32F2xx_HAL_Driver/Src/stm32f2xx_hal_cortex.o
                                      0x55c1b (size before relaxing)
 .debug_str     0x0000000000055ef7      0x5fd Drivers/STM32F2xx_HAL_Driver/Src/stm32f2xx_hal_gpio.o
                                      0x55a0a (size before relaxing)
 .debug_str     0x00000000000564f4       0x63 Drivers/STM32F2xx_HAL_Driver/Src/stm32f2xx_hal_msp_template.o
                                      0x5535e (size before relaxing)
 .debug_str     0x0000000000056557      0x45d Drivers/STM32F2xx_HAL_Driver/Src/stm32f2xx_hal_rcc.o
                                      0x55f19 (size before relaxing)
 .debug_str     0x00000000000569b4       0x40 Src/main.o
                                      0x55650 (size before relaxing)
 .debug_str     0x00000000000569f4       0x9d Src/stm32f2xx_it.o
                                      0x55394 (size before relaxing)
 .debug_str     0x0000000000056a91       0x5a Src/system_stm32f2xx.o
                                      0x554cb (size before relaxing)

.comment        0x0000000000000000       0x70
 .comment       0x0000000000000000       0x70 Drivers/STM32F2xx_HAL_Driver/Src/stm32f2xx_hal.o
                                         0x71 (size before relaxing)
 .comment       0x0000000000000000       0x71 Drivers/STM32F2xx_HAL_Driver/Src/stm32f2xx_hal_cortex.o
 .comment       0x0000000000000000       0x71 Drivers/STM32F2xx_HAL_Driver/Src/stm32f2xx_hal_gpio.o
 .comment       0x0000000000000000       0x71 Drivers/STM32F2xx_HAL_Driver/Src/stm32f2xx_hal_msp_template.o
 .comment       0x0000000000000000       0x71 Drivers/STM32F2xx_HAL_Driver/Src/stm32f2xx_hal_rcc.o
 .comment       0x0000000000000000       0x71 Src/main.o
 .comment       0x0000000000000000       0x71 Src/stm32f2xx_it.o
 .comment       0x0000000000000000       0x71 Src/system_stm32f2xx.o

.debug_frame    0x0000000000000000      0x5e8
 .debug_frame   0x0000000000000000      0x150 Drivers/STM32F2xx_HAL_Driver/Src/stm32f2xx_hal.o
 .debug_frame   0x0000000000000150      0x128 Drivers/STM32F2xx_HAL_Driver/Src/stm32f2xx_hal_cortex.o
 .debug_frame   0x0000000000000278       0xa8 Drivers/STM32F2xx_HAL_Driver/Src/stm32f2xx_hal_gpio.o
 .debug_frame   0x0000000000000320       0x50 Drivers/STM32F2xx_HAL_Driver/Src/stm32f2xx_hal_msp_template.o
 .debug_frame   0x0000000000000370      0x13c Drivers/STM32F2xx_HAL_Driver/Src/stm32f2xx_hal_rcc.o
 .debug_frame   0x00000000000004ac       0x58 Src/main.o
 .debug_frame   0x0000000000000504       0x88 Src/stm32f2xx_it.o
 .debug_frame   0x000000000000058c       0x30 Src/system_stm32f2xx.o
 .debug_frame   0x00000000000005bc       0x2c /usr/local/gcc-arm/gcc-arm-none-eabi-4_9-2015q2/bin/../lib/gcc/arm-none-eabi/4.9.3/../../../../arm-none-eabi/lib/armv7-m/libg_nano.a(lib_a-init.o)
